node : (node:5032) 
ExperimentalWarning: 
VM Modules is an 
experimental feature 
and might change at 
any time
At line:1 char:1
+ node --experimental-v
m-modules node_modules/
jest/bin/jest.js 
src/modu ...
+ ~~~~~~~~~~~~~~~~~~~~~
~~~~~~~~~~~~~~~~~~~~~~~
~~~~~~~~~~~~~~~~~~~~~~~
~~
    + CategoryInfo     
         : NotSpecifi  
  ed: ((node:5032) E   
 xp...nge at any ti    
me:String) [], Rem    
oteException
    + FullyQualifiedEr 
   rorId : NativeComm  
  andError
 
(Use `node 
--trace-warnings ...` 
to show where the 
warning was created)
FAIL src/modules/catego
ries/public.category.te
st.js
  PublicCategoryService
    ├ù should return 
cached data if 
available (2 ms)
    ├ù should fetch 
from database and 
cache result if not in 
cache
    ├ù should fallback 
to database if Redis 
fails (1 ms)
    ├ù should filter 
only active categories 
(DB level)

  ΓùÅ 
PublicCategoryService 
ΓÇ║ should return 
cached data if 
available

    ReferenceError: 
jest is not defined

    [0m [90m  7 
|[39m
     [90m  8 |[39m   
beforeEach(() 
[33m=>[39m {
    [31m[1m>[22m[39
m[90m  9 |[39m     je
st[33m.[39mclearAllMo
cks()[33m;[39m
     [90m    |[39m   
  [31m[1m^[22m[39m
     [90m 10 |[39m   
  
publicCategoryService 
[33m=[39m 
[36mnew[39m [33mPubl
icCategoryService[39m(
)[33m;[39m
     [90m 11 |[39m   
})[33m;[39m
     [90m 12 
|[39m[0m

      at Object.jest (s
rc/modules/categories/p
ublic.category.test.js:
9:5)

  ΓùÅ 
PublicCategoryService 
ΓÇ║ should fetch from 
database and cache 
result if not in cache

    ReferenceError: 
jest is not defined

    [0m [90m  7 
|[39m
     [90m  8 |[39m   
beforeEach(() 
[33m=>[39m {
    [31m[1m>[22m[39
m[90m  9 |[39m     je
st[33m.[39mclearAllMo
cks()[33m;[39m
     [90m    |[39m   
  [31m[1m^[22m[39m
     [90m 10 |[39m   
  
publicCategoryService 
[33m=[39m 
[36mnew[39m [33mPubl
icCategoryService[39m(
)[33m;[39m
     [90m 11 |[39m   
})[33m;[39m
     [90m 12 
|[39m[0m

      at Object.jest (s
rc/modules/categories/p
ublic.category.test.js:
9:5)

  ΓùÅ 
PublicCategoryService 
ΓÇ║ should fallback to 
database if Redis fails

    ReferenceError: 
jest is not defined

    [0m [90m  7 
|[39m
     [90m  8 |[39m   
beforeEach(() 
[33m=>[39m {
    [31m[1m>[22m[39
m[90m  9 |[39m     je
st[33m.[39mclearAllMo
cks()[33m;[39m
     [90m    |[39m   
  [31m[1m^[22m[39m
     [90m 10 |[39m   
  
publicCategoryService 
[33m=[39m 
[36mnew[39m [33mPubl
icCategoryService[39m(
)[33m;[39m
     [90m 11 |[39m   
})[33m;[39m
     [90m 12 
|[39m[0m

      at Object.jest (s
rc/modules/categories/p
ublic.category.test.js:
9:5)

  ΓùÅ 
PublicCategoryService 
ΓÇ║ should filter only 
active categories (DB 
level)

    ReferenceError: 
jest is not defined

    [0m [90m  7 
|[39m
     [90m  8 |[39m   
beforeEach(() 
[33m=>[39m {
    [31m[1m>[22m[39
m[90m  9 |[39m     je
st[33m.[39mclearAllMo
cks()[33m;[39m
     [90m    |[39m   
  [31m[1m^[22m[39m
     [90m 10 |[39m   
  
publicCategoryService 
[33m=[39m 
[36mnew[39m [33mPubl
icCategoryService[39m(
)[33m;[39m
     [90m 11 |[39m   
})[33m;[39m
     [90m 12 
|[39m[0m

      at Object.jest (s
rc/modules/categories/p
ublic.category.test.js:
9:5)

Test Suites: 1 failed, 
1 total
Tests:       4 failed, 
4 total
Snapshots:   0 total
Time:        0.639 s, 
estimated 1 s
Ran all test suites 
matching /src\\modules\
\categories\\public.cat
egory.test.js/i.
